
> webgraphy@0.3.4 build
> tsc -b && vite build

src/components/Layout/Sidebar.tsx(3,1): error TS6133: 'useDataImport' is declared but its value is never read.
src/components/Layout/Sidebar.tsx(28,10): error TS2451: Cannot redeclare block-scoped variable 'showImprint'.
src/components/Layout/Sidebar.tsx(28,23): error TS2451: Cannot redeclare block-scoped variable 'setShowImprint'.
src/components/Layout/Sidebar.tsx(29,10): error TS2451: Cannot redeclare block-scoped variable 'showHelp'.
src/components/Layout/Sidebar.tsx(29,20): error TS2451: Cannot redeclare block-scoped variable 'setShowHelp'.
src/components/Layout/Sidebar.tsx(42,10): error TS2451: Cannot redeclare block-scoped variable 'showImprint'.
src/components/Layout/Sidebar.tsx(42,23): error TS2451: Cannot redeclare block-scoped variable 'setShowImprint'.
src/components/Layout/Sidebar.tsx(43,10): error TS2451: Cannot redeclare block-scoped variable 'showHelp'.
src/components/Layout/Sidebar.tsx(43,20): error TS2451: Cannot redeclare block-scoped variable 'setShowHelp'.
src/components/Layout/Sidebar.tsx(217,27): error TS2304: Cannot find name 'isImporting'.
src/components/Layout/Sidebar.tsx(221,18): error TS2304: Cannot find name 'isImporting'.
src/components/Layout/Sidebar.tsx(228,22): error TS2304: Cannot find name 'importFile'.
